// Jest Snapshot v1, https://goo.gl/fbAQLP

exports[`<NoImage /> should match snapshot 1`] = `
<img
  alt="No image"
  src="image_placeholder.png"
/>
`;
